// Jest Snapshot v1, https://goo.gl/fbAQLP

exports[`renders PlayerCard component 1`] = `
<div>
  <article>
    <h3>
      test-name
    </h3>
    <h6>
      Date Created: 
      Invalid Date
    </h6>
    <h5>
      Position: 
    </h5>
  </article>
</div>
`;
